
> vite_react_shadcn_ts@0.0.0 build
> vite build

vite v7.2.4 building client environment for production...
transforming...
✓ 3051 modules transformed.
rendering chunks...
